
> client@0.0.0 start
> ng serve --host 127.0.0.1 --port 4200

[33m>[39m Building...
[32m√[39m Building...
[1mInitial chunk files[22m[2m | [22m[1mNames[22m        [2m | [22m [1mRaw size[22m
[32mmain.js[39m            [2m | [22m[2mmain[22m         [2m | [22m [36m10.87 kB[39m[2m | [22m
[32mstyles.css[39m         [2m | [22m[2mstyles[22m       [2m | [22m[36m206 bytes[39m[2m | [22m

[1m [22m                  [2m | [22m[1mInitial total[22m[2m | [22m [1m11.08 kB[22m

[1mLazy chunk files[22m   [2m | [22m[1mNames[22m        [2m | [22m [1mRaw size[22m
[32mchunk-2PETRQ5C.js[39m  [2m | [22m[2mhome[22m         [2m | [22m  [36m5.88 kB[39m[2m | [22m
[32mchunk-GLGCTVEF.js[39m  [2m | [22m[2mabout[22m        [2m | [22m  [36m5.73 kB[39m[2m | [22m

Application bundle generation complete. [1.288 seconds] - 2026-05-15T07:29:30.795Z

Watch mode enabled. Watching for file changes...
NOTE: Raw file sizes do not reflect development server per-request transformations.
  [32m➜[39m  [1mLocal[22m:   [36mhttp://127.0.0.1:[1m4200[22m/[39m
[33m>[39m Changes detected. Rebuilding...
[32m√[39m Changes detected. Rebuilding...
[1mInitial chunk files[22m[2m | [22m[1mNames[22m[2m | [22m[1mRaw size[22m
[32mmain.js[39m            [2m | [22m[2mmain[22m [2m | [22m[36m10.98 kB[39m[2m | [22m

Application bundle generation complete. [0.189 seconds] - 2026-05-15T07:39:46.487Z

Page reload sent to client(s).
[2m9:39:48 AM[22m [36m[1m[vite][22m[39m [90m[2m(client)[22m[39m [32m✨ new dependencies optimized: [33m@angular/common/http[32m[39m
[2m9:39:48 AM[22m [36m[1m[vite][22m[39m [90m[2m(client)[22m[39m [32m✨ optimized dependencies changed. reloading[39m
[33m>[39m Changes detected. Rebuilding...
[32m√[39m Changes detected. Rebuilding...
[1mInitial chunk files[22m[2m | [22m[1mNames[22m  [2m | [22m [1mRaw size[22m
[32mmain.js[39m            [2m | [22m[2mmain[22m   [2m | [22m [36m11.54 kB[39m[2m | [22m
[32mstyles.css[39m         [2m | [22m[2mstyles[22m [2m | [22m[36m259 bytes[39m[2m | [22m

[1mLazy chunk files[22m   [2m | [22m[1mNames[22m  [2m | [22m [1mRaw size[22m
[32mchunk-SPOX7SGF.js[39m  [2m | [22m[2mbatches[22m[2m | [22m [36m36.17 kB[39m[2m | [22m

Application bundle generation complete. [1.813 seconds] - 2026-05-15T07:51:28.328Z

Page reload sent to client(s).
[2m9:51:30 AM[22m [36m[1m[vite][22m[39m [90m[2m(client)[22m[39m [32m✨ new dependencies optimized: [33m@angular/platform-browser/animations/async[32m[39m
[2m9:51:30 AM[22m [36m[1m[vite][22m[39m [90m[2m(client)[22m[39m [32m✨ optimized dependencies changed. reloading[39m
[2m9:51:34 AM[22m [36m[1m[vite][22m[39m [90m[2m(client)[22m[39m [32m✨ new dependencies optimized: [33m@angular/common, @angular/core/rxjs-interop, @angular/forms, @angular/material/button, @angular/material/form-field, @angular/material/input, @angular/material/paginator, @angular/material/progress-bar, @angular/material/select, @angular/material/sort, @angular/material/table, rxjs, @angular/cdk/bidi, @angular/cdk/text-field, @angular/cdk/scrolling[32m[39m
[2m9:51:34 AM[22m [36m[1m[vite][22m[39m [90m[2m(client)[22m[39m [32m✨ optimized dependencies changed. reloading[39m
[33m>[39m Changes detected. Rebuilding...
[32m√[39m Changes detected. Rebuilding...
[1mInitial chunk files[22m[2m | [22m[1mNames[22m[2m | [22m[1mRaw size[22m
[32mmain.js[39m            [2m | [22m[2mmain[22m [2m | [22m[36m16.26 kB[39m[2m | [22m

Application bundle generation complete. [0.924 seconds] - 2026-05-15T08:06:24.171Z

Page reload sent to client(s).
[2m10:06:27 AM[22m [36m[1m[vite][22m[39m [90m[2m(client)[22m[39m [32m✨ new dependencies optimized: [33m@angular/material/toolbar[32m[39m
[2m10:06:27 AM[22m [36m[1m[vite][22m[39m [90m[2m(client)[22m[39m [32m✨ optimized dependencies changed. reloading[39m
[33m>[39m Changes detected. Rebuilding...
[32m√[39m Changes detected. Rebuilding...
[1mInitial chunk files[22m[2m | [22m[1mNames[22m[2m | [22m[1mRaw size[22m
[32mmain.js[39m            [2m | [22m[2mmain[22m [2m | [22m[36m16.06 kB[39m[2m | [22m

Application bundle generation complete. [0.216 seconds] - 2026-05-15T08:06:38.015Z

Component update sent to client(s).
[33m>[39m Changes detected. Rebuilding...
[32m√[39m Changes detected. Rebuilding...
[1mInitial chunk files[22m[2m | [22m[1mNames[22m  [2m | [22m[1mRaw size[22m
[32mmain.js[39m            [2m | [22m[2mmain[22m   [2m | [22m[36m16.18 kB[39m[2m | [22m

[1mLazy chunk files[22m   [2m | [22m[1mNames[22m  [2m | [22m[1mRaw size[22m
[32mchunk-MO6HCUQL.js[39m  [2m | [22m[2mbatches[22m[2m | [22m[36m34.90 kB[39m[2m | [22m
[32mchunk-45L6XKPD.js[39m  [2m | [22m[2mbatch[22m  [2m | [22m[36m20.85 kB[39m[2m | [22m
[32mchunk-IFUHBXJ5.js[39m  [2m | [22m[2m-[22m      [2m | [22m [36m4.19 kB[39m[2m | [22m

Application bundle generation complete. [0.903 seconds] - 2026-05-15T08:18:36.879Z

Page reload sent to client(s).
[2m10:19:15 AM[22m [36m[1m[vite][22m[39m [90m[2m(client)[22m[39m [32m✨ new dependencies optimized: [33mangular-split[32m[39m
[2m10:19:15 AM[22m [36m[1m[vite][22m[39m [90m[2m(client)[22m[39m [32m✨ optimized dependencies changed. reloading[39m
[33m>[39m Changes detected. Rebuilding...
[32m√[39m Changes detected. Rebuilding...
[1mInitial chunk files[22m[2m | [22m[1mNames[22m[2m | [22m[1mRaw size[22m
[32mmain.js[39m            [2m | [22m[2mmain[22m [2m | [22m[36m16.18 kB[39m[2m | [22m

[1mLazy chunk files[22m   [2m | [22m[1mNames[22m[2m | [22m[1mRaw size[22m
[32mchunk-WLS5672B.js[39m  [2m | [22m[2mbatch[22m[2m | [22m[36m20.85 kB[39m[2m | [22m

Application bundle generation complete. [0.305 seconds] - 2026-05-15T08:19:38.486Z

Component update sent to client(s).
[33m>[39m Changes detected. Rebuilding...
[32m√[39m Changes detected. Rebuilding...
[1mInitial chunk files[22m[2m | [22m[1mNames[22m[2m | [22m[1mRaw size[22m
[32mmain.js[39m            [2m | [22m[2mmain[22m [2m | [22m[36m16.18 kB[39m[2m | [22m

[1mLazy chunk files[22m   [2m | [22m[1mNames[22m[2m | [22m[1mRaw size[22m
[32mchunk-FCSQPM2B.js[39m  [2m | [22m[2mbatch[22m[2m | [22m[36m24.44 kB[39m[2m | [22m

Application bundle generation complete. [0.196 seconds] - 2026-05-15T08:21:00.089Z

Page reload sent to client(s).
[33m>[39m Changes detected. Rebuilding...
[32m√[39m Changes detected. Rebuilding...
[1mInitial chunk files[22m[2m | [22m[1mNames[22m[2m | [22m[1mRaw size[22m
[32mmain.js[39m            [2m | [22m[2mmain[22m [2m | [22m[36m16.18 kB[39m[2m | [22m

[1mLazy chunk files[22m   [2m | [22m[1mNames[22m[2m | [22m[1mRaw size[22m
[32mchunk-3VUJX7UN.js[39m  [2m | [22m[2mbatch[22m[2m | [22m[36m24.44 kB[39m[2m | [22m

Application bundle generation complete. [0.132 seconds] - 2026-05-15T08:21:10.042Z

Page reload sent to client(s).
[33m>[39m Changes detected. Rebuilding...
[32m√[39m Changes detected. Rebuilding...
[1mInitial chunk files[22m[2m | [22m[1mNames[22m[2m | [22m[1mRaw size[22m
[32mmain.js[39m            [2m | [22m[2mmain[22m [2m | [22m[36m16.18 kB[39m[2m | [22m

[1mLazy chunk files[22m   [2m | [22m[1mNames[22m[2m | [22m[1mRaw size[22m
[32mchunk-IPCWWDHG.js[39m  [2m | [22m[2mbatch[22m[2m | [22m[36m38.13 kB[39m[2m | [22m

Application bundle generation complete. [0.203 seconds] - 2026-05-15T08:21:25.264Z

Component update sent to client(s).
[33m>[39m Changes detected. Rebuilding...
[32m√[39m Changes detected. Rebuilding...
[1mInitial chunk files[22m[2m | [22m[1mNames[22m[2m | [22m[1mRaw size[22m
[32mmain.js[39m            [2m | [22m[2mmain[22m [2m | [22m[36m16.18 kB[39m[2m | [22m

[1mLazy chunk files[22m   [2m | [22m[1mNames[22m[2m | [22m[1mRaw size[22m
[32mchunk-T5Q4LAJD.js[39m  [2m | [22m[2mbatch[22m[2m | [22m[36m41.17 kB[39m[2m | [22m

Application bundle generation complete. [0.340 seconds] - 2026-05-15T08:21:38.136Z

Component update sent to client(s).
